00:00 +0: loading /Users/runner/work/flutter-app/flutter-app/test/profile_store_test.dart
00:00 +0: /Users/runner/work/flutter-app/flutter-app/test/profile_store_test.dart: profile survives store re-instantiation
PSTORE enqueue#1 zone=1044386707 tailDone=true
PSTORE start#1
PSTORE done#1
PSTORE all() zone=1044386707
PSTORE all() got prefs
00:00 +1: /Users/runner/work/flutter-app/flutter-app/test/profile_store_test.dart: corrupt primary profile JSON recovers last known-good backup
PSTORE all() zone=30926147
PSTORE all() got prefs
PSTORE enqueue#2 zone=30926147 tailDone=true
PSTORE start#2
PSTORE done#2
00:00 +2: /Users/runner/work/flutter-app/flutter-app/test/profile_store_test.dart: saving a profile keeps previous valid snapshot as backup
PSTORE enqueue#3 zone=615293540 tailDone=true
PSTORE start#3
PSTORE done#3
PSTORE enqueue#4 zone=615293540 tailDone=true
PSTORE start#4
PSTORE done#4
00:00 +3: /Users/runner/work/flutter-app/flutter-app/test/profile_store_test.dart: recovery self-heals corrupt primary snapshot
PSTORE all() zone=226809693
PSTORE all() got prefs
PSTORE enqueue#5 zone=226809693 tailDone=true
PSTORE start#5
PSTORE done#5
00:00 +4: /Users/runner/work/flutter-app/flutter-app/test/profile_store_test.dart: duplicate persisted profile ids collapse to newest record
PSTORE all() zone=80515663
PSTORE all() got prefs
00:00 +5: /Users/runner/work/flutter-app/flutter-app/test/profile_store_test.dart: saving an existing profile id updates instead of duplicating
00:00 +6: /Users/runner/work/flutter-app/flutter-app/test/profile_store_test.dart: concurrent saves across store instances do not lose profiles
PSTORE enqueue#6 zone=626835879 tailDone=true
PSTORE enqueue#7 zone=626835879 tailDone=false
PSTORE start#6
PSTORE done#6
PSTORE start#7
PSTORE done#7
PSTORE all() zone=626835879
PSTORE all() got prefs
00:00 +7: /Users/runner/work/flutter-app/flutter-app/test/profile_store_test.dart: corrupt-primary recovery cannot overwrite a queued save
PSTORE all() zone=344079921
PSTORE enqueue#8 zone=344079921 tailDone=true
PSTORE start#8
PSTORE all() got prefs
PSTORE enqueue#9 zone=344079921 tailDone=false
PSTORE done#8
PSTORE start#9
PSTORE done#9
PSTORE all() zone=344079921
PSTORE all() got prefs
00:00 +8: /Users/runner/work/flutter-app/flutter-app/test/profile_store_test.dart: corrupt primary and corrupt backup fail closed instead of returning empty profiles
PSTORE all() zone=867768319
PSTORE all() got prefs
PSTORE enqueue#10 zone=867768319 tailDone=true
PSTORE start#10
PSTORE fail#10 Bad state: Profile storage is corrupt and no valid backup is available
00:00 +9: /Users/runner/work/flutter-app/flutter-app/test/profile_store_test.dart: save refuses to overwrite profiles when both persisted snapshots are corrupt
PSTORE enqueue#11 zone=10126408 tailDone=true
PSTORE start#11
PSTORE fail#11 Bad state: Profile storage is corrupt and no valid backup is available
00:00 +10: /Users/runner/work/flutter-app/flutter-app/test/profile_store_test.dart: missing primary recovers surviving profile backup and self-heals
PSTORE all() zone=379347794
PSTORE all() got prefs
PSTORE enqueue#12 zone=379347794 tailDone=true
PSTORE start#12
PSTORE done#12
00:00 +11: /Users/runner/work/flutter-app/flutter-app/test/profile_store_test.dart: first profile write creates a recoverable backup
PSTORE enqueue#13 zone=788333445 tailDone=true
PSTORE start#13
PSTORE done#13
00:00 +12: /Users/runner/work/flutter-app/flutter-app/test/profile_store_test.dart: corrupt primary without backup fails closed
PSTORE all() zone=536965621
PSTORE all() got prefs
PSTORE enqueue#14 zone=536965621 tailDone=true
PSTORE start#14
PSTORE fail#14 Bad state: Profile storage is corrupt and backup is missing
00:00 +13: /Users/runner/work/flutter-app/flutter-app/test/profile_store_test.dart: empty persisted primary is corruption, not an empty profile collection
PSTORE all() zone=1054538079
PSTORE all() got prefs
PSTORE enqueue#15 zone=1054538079 tailDone=true
PSTORE start#15
PSTORE fail#15 Bad state: Profile storage is corrupt and backup is missing
00:00 +14: /Users/runner/work/flutter-app/flutter-app/test/profile_store_test.dart: self-heal quarantines the corrupt primary bytes before overwriting them
PSTORE all() zone=962699735
PSTORE all() got prefs
PSTORE enqueue#16 zone=962699735 tailDone=true
PSTORE start#16
PSTORE done#16
00:00 +15: /Users/runner/work/flutter-app/flutter-app/test/profile_store_test.dart: first quarantined evidence is never overwritten by later corruption
PSTORE all() zone=377513002
PSTORE all() got prefs
PSTORE enqueue#17 zone=377513002 tailDone=true
PSTORE start#17
PSTORE done#17
00:00 +16: /Users/runner/work/flutter-app/flutter-app/test/profile_store_test.dart: saving over a corrupt primary quarantines it first
PSTORE enqueue#18 zone=296711595 tailDone=true
PSTORE start#18
PSTORE done#18
00:00 +17: loading /Users/runner/work/flutter-app/flutter-app/test/ballistic_input_test.dart
00:00 +17: /Users/runner/work/flutter-app/flutter-app/test/ballistic_input_test.dart: valid ballistic input is immutable and accepted by solver
00:00 +18: /Users/runner/work/flutter-app/flutter-app/test/ballistic_input_test.dart: rejects malformed physical inputs before solver
00:00 +19: /Users/runner/work/flutter-app/flutter-app/test/ballistic_input_test.dart: rejects invalid environment boundaries
00:00 +20: /Users/runner/work/flutter-app/flutter-app/test/ballistic_input_test.dart: BC and drag model must be supplied as a pair
00:00 +21: /Users/runner/work/flutter-app/flutter-app/test/ballistic_input_test.dart: validates zeroing environment independently
00:00 +22: /Users/runner/work/flutter-app/flutter-app/test/ballistic_input_test.dart: rejects finite but physically implausible production inputs
00:00 +23: loading /Users/runner/work/flutter-app/flutter-app/test/dope_ranges_test.dart
00:00 +23: /Users/runner/work/flutter-app/flutter-app/test/dope_ranges_test.dart: DOPE ranges are parsed, deduplicated and sorted
00:00 +24: /Users/runner/work/flutter-app/flutter-app/test/dope_ranges_test.dart: DOPE ranges reject zero, negative and excessive values
00:00 +25: /Users/runner/work/flutter-app/flutter-app/test/dope_ranges_test.dart: DOPE ranges reject empty input
00:00 +26: loading /Users/runner/work/flutter-app/flutter-app/test/accessibility_wiring_test.dart
00:01 +26: /Users/runner/work/flutter-app/flutter-app/test/accessibility_wiring_test.dart: active profile dropdown exposes a labelled, actionable semantics node
00:02 +27: /Users/runner/work/flutter-app/flutter-app/test/accessibility_wiring_test.dart: home loading state announces progress via a live semantics region
00:02 +28: /Users/runner/work/flutter-app/flutter-app/test/accessibility_wiring_test.dart: settings loading state announces progress via a live semantics region
00:02 +29: loading /Users/runner/work/flutter-app/flutter-app/test/menzil_layout_extremes_test.dart
00:02 +29: /Users/runner/work/flutter-app/flutter-app/test/menzil_layout_extremes_test.dart: iPhone SE landscape renders every tab without overflow
00:04 +30: /Users/runner/work/flutter-app/flutter-app/test/menzil_layout_extremes_test.dart: iPhone 15 Pro Max landscape renders every tab without overflow
00:04 +31: /Users/runner/work/flutter-app/flutter-app/test/menzil_layout_extremes_test.dart: iPhone 15 @ text 2.0x renders every tab without overflow
00:05 +32: /Users/runner/work/flutter-app/flutter-app/test/menzil_layout_extremes_test.dart: dark theme renders every tab
00:05 +33: /Users/runner/work/flutter-app/flutter-app/test/menzil_layout_extremes_test.dart: on-screen keyboard on iPhone SE does not break Ortam editing
00:05 +34: /Users/runner/work/flutter-app/flutter-app/test/menzil_layout_extremes_test.dart: imperial preference converts the workspace atomically
00:06 +35: /Users/runner/work/flutter-app/flutter-app/test/menzil_layout_extremes_test.dart: VoiceOver prerequisites: labelled controls and 44 pt targets
00:06 +36: loading /Users/runner/work/flutter-app/flutter-app/test/chronograph_apply_test.dart
00:06 +36: /Users/runner/work/flutter-app/flutter-app/test/chronograph_apply_test.dart: Vazgeç writes nothing
00:09 +37: /Users/runner/work/flutter-app/flutter-app/test/chronograph_apply_test.dart: Uygula changes only the velocity; all other fields are kept
00:10 +38: /Users/runner/work/flutter-app/flutter-app/test/chronograph_apply_test.dart: pressure checkbox updates velocity AND pressure, nothing else
00:11 +39: /Users/runner/work/flutter-app/flutter-app/test/chronograph_apply_test.dart: apply stays disabled below three shots
00:12 +40: /Users/runner/work/flutter-app/flutter-app/test/chronograph_apply_test.dart: manual ammunition cannot be transferred to a profile
00:12 +41: loading /Users/runner/work/flutter-app/flutter-app/test/ballistics_screen_wiring_test.dart
00:13 +41: /Users/runner/work/flutter-app/flutter-app/test/ballistics_screen_wiring_test.dart: new solve request clears a previously shown DOPE table when validation fails
00:14 +42: /Users/runner/work/flutter-app/flutter-app/test/ballistics_screen_wiring_test.dart: catalog ammunition without a validated BC still solves via the vacuum baseline
00:14 +43: loading /Users/runner/work/flutter-app/flutter-app/test/active_profile_store_test.dart
00:15 +43: /Users/runner/work/flutter-app/flutter-app/test/active_profile_store_test.dart: active profile can be selected and cleared
00:15 +44: loading /Users/runner/work/flutter-app/flutter-app/test/profile_document_codec_test.dart
00:15 +44: /Users/runner/work/flutter-app/flutter-app/test/profile_document_codec_test.dart: new profile documents carry an explicit schema version
00:15 +45: /Users/runner/work/flutter-app/flutter-app/test/profile_document_codec_test.dart: legacy bare-list profile documents remain readable
00:15 +46: /Users/runner/work/flutter-app/flutter-app/test/profile_document_codec_test.dart: future profile schema is rejected instead of guessed
00:15 +47: /Users/runner/work/flutter-app/flutter-app/test/profile_document_codec_test.dart: malformed record fails closed instead of returning a partial collection
00:15 +48: /Users/runner/work/flutter-app/flutter-app/test/profile_document_codec_test.dart: non-map profile record also fails closed
00:15 +49: loading /Users/runner/work/flutter-app/flutter-app/test/catalog_screen_wiring_test.dart
00:15 +49: /Users/runner/work/flutter-app/flutter-app/test/catalog_screen_wiring_test.dart: catalog defaults to PCP and does not mix firearm rifle/ammunition
00:17 +50: /Users/runner/work/flutter-app/flutter-app/test/catalog_screen_wiring_test.dart: switching to firearm filters rifles and ammunition together
00:18 +51: /Users/runner/work/flutter-app/flutter-app/test/catalog_screen_wiring_test.dart: explicit firearm initial platform is honored
00:18 +52: /Users/runner/work/flutter-app/flutter-app/test/catalog_screen_wiring_test.dart: catalog search filters visible records without crossing platform
00:18 +53: /Users/runner/work/flutter-app/flutter-app/test/catalog_screen_wiring_test.dart: catalog search can be cleared
00:19 +54: /Users/runner/work/flutter-app/flutter-app/test/catalog_screen_wiring_test.dart: catalog exposes provenance for ammunition and optics
00:20 +55: loading /Users/runner/work/flutter-app/flutter-app/test/atmosphere_test.dart
00:20 +55: /Users/runner/work/flutter-app/flutter-app/test/atmosphere_test.dart: standard dry sea-level air is approximately 1.225 kg/m3
00:20 +56: /Users/runner/work/flutter-app/flutter-app/test/atmosphere_test.dart: humidity lowers density at equal pressure and temperature
00:20 +57: /Users/runner/work/flutter-app/flutter-app/test/atmosphere_test.dart: invalid atmosphere is rejected
00:20 +58: /Users/runner/work/flutter-app/flutter-app/test/atmosphere_test.dart: speed of sound is near ISA value at 15 C
00:20 +59: /Users/runner/work/flutter-app/flutter-app/test/atmosphere_test.dart: Mach conversion uses local atmosphere and validates velocity
00:20 +60: loading /Users/runner/work/flutter-app/flutter-app/test/menzil_shell_test.dart
00:21 +60: /Users/runner/work/flutter-app/flutter-app/test/menzil_shell_test.dart: shell shows the Menzil bar and the five tabs
00:21 +61: /Users/runner/work/flutter-app/flutter-app/test/menzil_shell_test.dart: Atış, Tablo and Ortam share one workspace state
00:22 +62: /Users/runner/work/flutter-app/flutter-app/test/menzil_shell_test.dart: range dial steps change the evaluated distance
00:22 +63: /Users/runner/work/flutter-app/flutter-app/test/menzil_shell_test.dart: shot view shows locked holds and no angular correction for the vacuum baseline
00:22 +64: /Users/runner/work/flutter-app/flutter-app/test/menzil_shell_test.dart: Araçlar lists exactly the seven V1 tools
00:23 +65: /Users/runner/work/flutter-app/flutter-app/test/menzil_shell_test.dart: Profil tab activates, copies and confirms before deleting
00:23 +66: /Users/runner/work/flutter-app/flutter-app/test/menzil_shell_test.dart: profile editor saves through the store with catalog defaults
00:23 +67: loading /Users/runner/work/flutter-app/flutter-app/test/catalog_search_test.dart
00:24 +67: /Users/runner/work/flutter-app/flutter-app/test/catalog_search_test.dart: Turkish letters match ASCII keyboard input
00:24 +68: /Users/runner/work/flutter-app/flutter-app/test/catalog_search_test.dart: catalog query terms may be entered in any order
00:24 +69: /Users/runner/work/flutter-app/flutter-app/test/catalog_search_test.dart: empty or whitespace query matches everything
00:24 +70: loading /Users/runner/work/flutter-app/flutter-app/test/unit_system_test.dart
00:24 +70: /Users/runner/work/flutter-app/flutter-app/test/unit_system_test.dart: imperial conversions round-trip to canonical SI
00:24 +71: /Users/runner/work/flutter-app/flutter-app/test/unit_system_test.dart: known display conversions are stable
00:24 +72: loading /Users/runner/work/flutter-app/flutter-app/test/profile_codec_test.dart
00:25 +72: /Users/runner/work/flutter-app/flutter-app/test/profile_codec_test.dart: profile codec round trips persisted fields
00:25 +73: /Users/runner/work/flutter-app/flutter-app/test/profile_codec_test.dart: invalid required numeric fields are rejected
00:25 +74: /Users/runner/work/flutter-app/flutter-app/test/profile_codec_test.dart: legacy profile without angularUnit still migrates to MRAD
00:25 +75: /Users/runner/work/flutter-app/flutter-app/test/profile_codec_test.dart: present invalid angularUnit fails closed instead of changing DOPE units
00:25 +76: /Users/runner/work/flutter-app/flutter-app/test/profile_codec_test.dart: present invalid pressure fails closed instead of erasing PCP pressure
00:25 +77: loading /Users/runner/work/flutter-app/flutter-app/test/ballistics_profile_gate_test.dart
00:25 +77: /Users/runner/work/flutter-app/flutter-app/test/ballistics_profile_gate_test.dart: home disables Ballistics navigation when there is no active profile
00:26 +78: /Users/runner/work/flutter-app/flutter-app/test/ballistics_profile_gate_test.dart: Ballistics screen fails closed instead of solving with fallback profile values
00:26 +79: /Users/runner/work/flutter-app/flutter-app/test/ballistics_profile_gate_test.dart: Ballistics also fails closed when saved catalog references are stale
00:26 +80: /Users/runner/work/flutter-app/flutter-app/test/ballistics_profile_gate_test.dart: Ballistics screen renders normally for a valid, catalog-matched profile
00:26 +81: loading /Users/runner/work/flutter-app/flutter-app/test/profile_catalog_integrity_test.dart
00:27 +81: /Users/runner/work/flutter-app/flutter-app/test/profile_catalog_integrity_test.dart: resolves a coherent bundled PCP profile
00:27 +82: /Users/runner/work/flutter-app/flutter-app/test/profile_catalog_integrity_test.dart: rejects stale catalog references instead of substituting defaults
00:27 +83: /Users/runner/work/flutter-app/flutter-app/test/profile_catalog_integrity_test.dart: rejects platform/caliber incoherence and missing PCP pressure
00:27 +84: /Users/runner/work/flutter-app/flutter-app/test/profile_catalog_integrity_test.dart: rejects persisted numeric values outside production guardrails
00:27 +85: loading /Users/runner/work/flutter-app/flutter-app/test/rk4_test.dart
00:27 +85: /Users/runner/work/flutter-app/flutter-app/test/rk4_test.dart: RK4 reproduces constant-gravity analytic motion
00:28 +86: /Users/runner/work/flutter-app/flutter-app/test/rk4_test.dart: RK4 rejects invalid time step
00:28 +87: loading /Users/runner/work/flutter-app/flutter-app/test/ballistics_environment_wiring_test.dart
00:28 +87: /Users/runner/work/flutter-app/flutter-app/test/ballistics_environment_wiring_test.dart: every environment field reaches the displayed atmosphere output
00:29 +88: loading /Users/runner/work/flutter-app/flutter-app/test/profile_editor_fail_closed_test.dart
00:30 +88: /Users/runner/work/flutter-app/flutter-app/test/profile_editor_fail_closed_test.dart: editing a profile with unresolved catalog ids never substitutes a catalog entry
00:31 +89: /Users/runner/work/flutter-app/flutter-app/test/profile_editor_fail_closed_test.dart: editing a fully resolvable profile keeps Güncelle enabled
00:32 +90: loading /Users/runner/work/flutter-app/flutter-app/test/menzil_responsive_test.dart
00:32 +90: /Users/runner/work/flutter-app/flutter-app/test/menzil_responsive_test.dart: iPhone SE @ text 1.0x renders every tab without overflow
00:35 +91: /Users/runner/work/flutter-app/flutter-app/test/menzil_responsive_test.dart: iPhone SE @ text 1.3x renders every tab without overflow
00:36 +92: /Users/runner/work/flutter-app/flutter-app/test/menzil_responsive_test.dart: iPhone 15 (Dynamic Island) @ text 1.0x renders every tab without overflow
00:37 +93: /Users/runner/work/flutter-app/flutter-app/test/menzil_responsive_test.dart: iPhone 15 (Dynamic Island) @ text 1.3x renders every tab without overflow
00:37 +94: /Users/runner/work/flutter-app/flutter-app/test/menzil_responsive_test.dart: iPhone 15 Pro Max @ text 1.0x renders every tab without overflow
00:38 +95: /Users/runner/work/flutter-app/flutter-app/test/menzil_responsive_test.dart: iPhone 15 Pro Max @ text 1.3x renders every tab without overflow
00:38 +96: /Users/runner/work/flutter-app/flutter-app/test/menzil_responsive_test.dart: dark theme renders the shell
00:39 +97: loading /Users/runner/work/flutter-app/flutter-app/test/drag_table_test.dart
00:39 +97: /Users/runner/work/flutter-app/flutter-app/test/drag_table_test.dart: drag table interpolates linearly and clamps endpoints
00:39 +98: /Users/runner/work/flutter-app/flutter-app/test/drag_table_test.dart: drag table rejects unordered or non-positive coefficient data
00:39 +99: loading /Users/runner/work/flutter-app/flutter-app/test/profile_input_test.dart
00:40 +99: /Users/runner/work/flutter-app/flutter-app/test/profile_input_test.dart: normalizes decimal comma and accepts valid PCP profile input
00:40 +100: /Users/runner/work/flutter-app/flutter-app/test/profile_input_test.dart: rejects empty name instead of silently inventing one
00:40 +101: /Users/runner/work/flutter-app/flutter-app/test/profile_input_test.dart: rejects malformed numeric values instead of silently using defaults
00:40 +102: /Users/runner/work/flutter-app/flutter-app/test/profile_input_test.dart: PCP requires a positive pressure while firearm does not
00:40 +103: /Users/runner/work/flutter-app/flutter-app/test/profile_input_test.dart: rejects values outside shared production guardrails
00:40 +104: loading /Users/runner/work/flutter-app/flutter-app/test/manual_catalog_dialog_test.dart
00:40 +104: /Users/runner/work/flutter-app/flutter-app/test/manual_catalog_dialog_test.dart: repeated taps while saving write exactly one record
00:42 +105: /Users/runner/work/flutter-app/flutter-app/test/manual_catalog_dialog_test.dart: a failed save keeps the dialog and every typed value; a retry targets the same record id
00:42 +106: /Users/runner/work/flutter-app/flutter-app/test/manual_catalog_dialog_test.dart: controllers outlive the exit animation (cancel and save)
00:42 +107: /Users/runner/work/flutter-app/flutter-app/test/manual_catalog_dialog_test.dart: editing keeps the stored id and offers a click unit for scopes
00:43 +108: loading /Users/runner/work/flutter-app/flutter-app/test/tools_screens_test.dart
00:43 +108: /Users/runner/work/flutter-app/flutter-app/test/tools_screens_test.dart: Tool hub lists the seven V1 tools and no separate vision tool
00:44 +109: /Users/runner/work/flutter-app/flutter-app/test/tools_screens_test.dart: Tool hub tiles open their screens
00:44 +110: /Users/runner/work/flutter-app/flutter-app/test/tools_screens_test.dart: Pusula no sensor data: no heading is invented
00:44 +111: /Users/runner/work/flutter-app/flutter-app/test/tools_screens_test.dart: Pusula available reading shows degrees and abbreviation
00:44 +112: /Users/runner/work/flutter-app/flutter-app/test/tools_screens_test.dart: Pusula a still phone keeps its last bearing (iOS sends no event without change)
00:44 +113: /Users/runner/work/flutter-app/flutter-app/test/tools_screens_test.dart: Pusula invalid (negative) iOS heading shows a reason, not a bearing
00:44 +114: /Users/runner/work/flutter-app/flutter-app/test/tools_screens_test.dart: Pusula poor accuracy shows the calibration notice
00:44 +115: /Users/runner/work/flutter-app/flutter-app/test/tools_screens_test.dart: Su Terazisi shows X/Y with 0.01° resolution and the resolution caveat
00:44 +116: /Users/runner/work/flutter-app/flutter-app/test/tools_screens_test.dart: Su Terazisi state is conveyed by text, not colour alone
00:44 +117: /Users/runner/work/flutter-app/flutter-app/test/tools_screens_test.dart: Su Terazisi sensor missing shows a message, not a gauge value
00:44 +118: /Users/runner/work/flutter-app/flutter-app/test/tools_screens_test.dart: Hava & Rüzgâr idle -> fresh data with source and non-measurement notice
00:44 +119: /Users/runner/work/flutter-app/flutter-app/test/tools_screens_test.dart: Hava & Rüzgâr shows loading while the service is pending
00:44 +120: /Users/runner/work/flutter-app/flutter-app/test/tools_screens_test.dart: Hava & Rüzgâr offline failure without cache shows an error and retry
00:44 +121: /Users/runner/work/flutter-app/flutter-app/test/tools_screens_test.dart: Hava & Rüzgâr old data after a failed refresh is labelled stale with its time
00:44 +122: /Users/runner/work/flutter-app/flutter-app/test/tools_screens_test.dart: Hava & Rüzgâr permanent location denial offers Settings and does not crash
00:44 +123: /Users/runner/work/flutter-app/flutter-app/test/tools_screens_test.dart: Hava & Rüzgâr location services off is handled
00:44 +124: /Users/runner/work/flutter-app/flutter-app/test/tools_screens_test.dart: Kronograf records shots and shows count/mean/ES; apply is gated
00:45 +125: /Users/runner/work/flutter-app/flutter-app/test/tools_screens_test.dart: Kronograf PCP session shows pressure drop per shot
00:45 +126: /Users/runner/work/flutter-app/flutter-app/test/tools_screens_test.dart: Kronograf invalid velocity is rejected
00:46 +127: /Users/runner/work/flutter-app/flutter-app/test/tools_screens_test.dart: Sight Height vision is shown as not connected; nothing is uploaded
00:46 +128: /Users/runner/work/flutter-app/flutter-app/test/tools_screens_test.dart: Sight Height muzzle-device and inclined-mount guidance is shown
00:46 +129: /Users/runner/work/flutter-app/flutter-app/test/tools_screens_test.dart: Sight Height physical method: 3,18 + 5,80 + 21,40 + 32,00 = 62,4 mm (front/objective end)
00:46 +130: /Users/runner/work/flutter-app/flutter-app/test/tools_screens_test.dart: Sight Height physical method is independent: no photo, no camera, no gallery needed
00:46 +131: /Users/runner/work/flutter-app/flutter-app/test/tools_screens_test.dart: Sight Height incomplete physical input gives no total
00:46 +132: /Users/runner/work/flutter-app/flutter-app/test/tools_screens_test.dart: Sight Height both photo entry points exist: camera and gallery
00:46 +133: /Users/runner/work/flutter-app/flutter-app/test/tools_screens_test.dart: Sight Height gallery denial shows a message instead of crashing
00:46 +134: /Users/runner/work/flutter-app/flutter-app/test/tools_screens_test.dart: Sight Height gallery cancel changes nothing
00:47 +135: /Users/runner/work/flutter-app/flutter-app/test/tools_screens_test.dart: Sight Height camera permission denial shows a message instead of crashing
00:47 +136: /Users/runner/work/flutter-app/flutter-app/test/tools_screens_test.dart: Sight Height side capture shows the alignment template
00:47 +137: /Users/runner/work/flutter-app/flutter-app/test/tools_screens_test.dart: Responsive hub and tools fit 320x568 at 1.0x text
00:47 +138: /Users/runner/work/flutter-app/flutter-app/test/tools_screens_test.dart: Responsive hub and tools fit 320x568 at 1.6x text
00:47 +139: /Users/runner/work/flutter-app/flutter-app/test/tools_screens_test.dart: Responsive hub and tools fit 393x852 at 1.0x text
00:47 +140: /Users/runner/work/flutter-app/flutter-app/test/tools_screens_test.dart: Responsive hub and tools fit 393x852 at 1.6x text
00:48 +141: /Users/runner/work/flutter-app/flutter-app/test/tools_screens_test.dart: Responsive hub and tools fit 430x932 at 1.0x text
00:48 +142: /Users/runner/work/flutter-app/flutter-app/test/tools_screens_test.dart: Responsive hub and tools fit 430x932 at 1.6x text
00:48 +143: loading /Users/runner/work/flutter-app/flutter-app/test/user_catalog_store_test.dart
00:49 +143: /Users/runner/work/flutter-app/flutter-app/test/user_catalog_store_test.dart: malformed non-map user catalog record fails closed as FormatException
00:49 +144: /Users/runner/work/flutter-app/flutter-app/test/user_catalog_store_test.dart: persisted user catalog entries are revalidated before use
00:49 +145: /Users/runner/work/flutter-app/flutter-app/test/user_catalog_store_test.dart: save and remove work on a list returned by all()
00:49 +146: /Users/runner/work/flutter-app/flutter-app/test/user_catalog_store_test.dart: valid backup recovers and self-heals a corrupt primary catalog
00:49 +147: /Users/runner/work/flutter-app/flutter-app/test/user_catalog_store_test.dart: missing primary with a valid backup is restored, not treated as empty
00:49 +148: /Users/runner/work/flutter-app/flutter-app/test/user_catalog_store_test.dart: invalid optional rifle numeric fields fail closed
00:49 +149: loading /Users/runner/work/flutter-app/flutter-app/test/home_recovery_test.dart
00:49 +149: /Users/runner/work/flutter-app/flutter-app/test/home_recovery_test.dart: HomeScreen error card (tabs hidden) still offers recovery
PSTORE all() zone=666830873
PSTORE all() got prefs
PSTORE enqueue#1 zone=666830873 tailDone=true
PSTORE start#1
PSTORE fail#1 Bad state: Profile storage is corrupt and no valid backup is available
PSTORE enqueue#2 zone=654632214 tailDone=true
PSTORE start#2
PSTORE done#2
PSTORE all() zone=656339873
PSTORE all() got prefs
PSTORE all() zone=725118742
PSTORE all() got prefs
00:52 +150: loading /Users/runner/work/flutter-app/flutter-app/test/user_catalog_test.dart
00:53 +150: /Users/runner/work/flutter-app/flutter-app/test/user_catalog_test.dart: UserCatalog conversion complete records become selectable, personally labelled records
00:53 +151: /Users/runner/work/flutter-app/flutter-app/test/user_catalog_test.dart: UserCatalog conversion incomplete custom ammunition and unit-less scopes are blocked with an explicit reason, never completed with a guess
00:53 +152: /Users/runner/work/flutter-app/flutter-app/test/user_catalog_test.dart: UserCatalog conversion a personal id that collides with a built-in record is blocked
00:53 +153: /Users/runner/work/flutter-app/flutter-app/test/user_catalog_test.dart: UserCatalog conversion BC is attached only together with an explicit G1/G7 model
00:53 +154: /Users/runner/work/flutter-app/flutter-app/test/user_catalog_test.dart: profile resolution and platform/caliber filters a profile built from personal records resolves only once installed
00:53 +155: /Users/runner/work/flutter-app/flutter-app/test/user_catalog_test.dart: profile resolution and platform/caliber filters personal firearm ammunition never pairs with a PCP rifle
00:53 +156: /Users/runner/work/flutter-app/flutter-app/test/user_catalog_test.dart: UserCatalogLoader migration copies legacy records, keeps the legacy key and existing manual records, and is idempotent
00:53 +157: /Users/runner/work/flutter-app/flutter-app/test/user_catalog_test.dart: profile editor personal records are selectable and labelled as personal
00:54 +158: /Users/runner/work/flutter-app/flutter-app/test/user_catalog_test.dart: profile editor without the personal catalog the profile fails closed
00:54 +159: /Users/runner/work/flutter-app/flutter-app/test/user_catalog_test.dart: home waits for the personal catalog, then hands the personal profile to the solver
00:54 +160: loading /Users/runner/work/flutter-app/flutter-app/test/core_test.dart
00:54 +160: /Users/runner/work/flutter-app/flutter-app/test/core_test.dart: 90 MOA is about 26.18 MRAD
00:54 +161: /Users/runner/work/flutter-app/flutter-app/test/core_test.dart: energy is positive
00:54 +162: /Users/runner/work/flutter-app/flutter-app/test/core_test.dart: vacuum solver intersects line of sight at zero range
00:54 +163: /Users/runner/work/flutter-app/flutter-app/test/core_test.dart: vacuum solver does not invent aerodynamic wind drift
00:54 +164: /Users/runner/work/flutter-app/flutter-app/test/core_test.dart: vacuum zero solution remains exact for demanding geometry
00:54 +165: /Users/runner/work/flutter-app/flutter-app/test/core_test.dart: vacuum solver rejects an unreachable zero instead of returning bogus DOPE
00:54 +166: /Users/runner/work/flutter-app/flutter-app/test/core_test.dart: production solve never silently substitutes vacuum for G1/G7
00:54 +167: loading /Users/runner/work/flutter-app/flutter-app/test/reference_drag_model_test.dart
00:55 +167: /Users/runner/work/flutter-app/flutter-app/test/reference_drag_model_test.dart: zero speed has zero aerodynamic deceleration
00:55 +168: /Users/runner/work/flutter-app/flutter-app/test/reference_drag_model_test.dart: drag follows dynamic-pressure equation with explicit BC SI conversion
00:55 +169: /Users/runner/work/flutter-app/flutter-app/test/reference_drag_model_test.dart: BC conversion pins one lb per square inch in SI
00:55 +170: /Users/runner/work/flutter-app/flutter-app/test/reference_drag_model_test.dart: doubling BC halves drag at identical atmosphere and speed
00:55 +171: /Users/runner/work/flutter-app/flutter-app/test/reference_drag_model_test.dart: invalid BC fails closed at conversion boundary
00:55 +172: loading /Users/runner/work/flutter-app/flutter-app/test/home_active_profile_test.dart
00:55 +172: /Users/runner/work/flutter-app/flutter-app/test/home_active_profile_test.dart: failed active-profile write keeps previous selection and reports error
00:56 +173: /Users/runner/work/flutter-app/flutter-app/test/home_active_profile_test.dart: successful active-profile write moves form, display and solver
00:57 +174: /Users/runner/work/flutter-app/flutter-app/test/home_active_profile_test.dart: stale active-profile id is cleared when no profiles remain
00:57 +175: /Users/runner/work/flutter-app/flutter-app/test/home_active_profile_test.dart: failed stale active-id repair does not block loaded profiles
00:57 +176: loading /Users/runner/work/flutter-app/flutter-app/test/aerodynamic_trajectory_solver_test.dart
00:57 +176: /Users/runner/work/flutter-app/flutter-app/test/aerodynamic_trajectory_solver_test.dart: experimental aerodynamic solver preserves requested range order and zero
00:57 +177: /Users/runner/work/flutter-app/flutter-app/test/aerodynamic_trajectory_solver_test.dart: duplicate requested ranges are preserved instead of failing completion check
00:57 +178: /Users/runner/work/flutter-app/flutter-app/test/aerodynamic_trajectory_solver_test.dart: drag reduces velocity and energy with distance
00:57 +179: /Users/runner/work/flutter-app/flutter-app/test/aerodynamic_trajectory_solver_test.dart: no-wind API fails closed when wind is supplied
00:57 +180: /Users/runner/work/flutter-app/flutter-app/test/aerodynamic_trajectory_solver_test.dart: opposite full-value crosswinds produce opposite drift signs
00:57 +181: /Users/runner/work/flutter-app/flutter-app/test/aerodynamic_trajectory_solver_test.dart: full-value crosswind integrates non-zero lateral displacement
00:57 +182: /Users/runner/work/flutter-app/flutter-app/test/aerodynamic_trajectory_solver_test.dart: crosswind trajectory reports finite positive 3-D velocity and energy
00:57 +183: /Users/runner/work/flutter-app/flutter-app/test/aerodynamic_trajectory_solver_test.dart: headwind has no lateral drift in symmetric 2-D setup
00:57 +184: /Users/runner/work/flutter-app/flutter-app/test/aerodynamic_trajectory_solver_test.dart: RK4 solution converges when integration step is halved
00:57 +185: /Users/runner/work/flutter-app/flutter-app/test/aerodynamic_trajectory_solver_test.dart: higher BC retains more velocity for the same G1 trajectory
00:57 +186: /Users/runner/work/flutter-app/flutter-app/test/aerodynamic_trajectory_solver_test.dart: current headwind does not silently re-zero the mechanical sight setting
00:57 +187: /Users/runner/work/flutter-app/flutter-app/test/aerodynamic_trajectory_solver_test.dart: mechanical zero is independent of current humidity as well as wind
00:57 +188: /Users/runner/work/flutter-app/flutter-app/test/aerodynamic_trajectory_solver_test.dart: explicit zeroing atmosphere is separate from current shot atmosphere
00:58 +189: /Users/runner/work/flutter-app/flutter-app/test/aerodynamic_trajectory_solver_test.dart: invalid integration steps fail closed
00:58 +190: loading /Users/runner/work/flutter-app/flutter-app/test/catalog_integrity_test.dart
00:58 +190: /Users/runner/work/flutter-app/flutter-app/test/catalog_integrity_test.dart: bundled catalog satisfies integrity rules
00:58 +191: /Users/runner/work/flutter-app/flutter-app/test/catalog_integrity_test.dart: repository startup guard validates the exact bundled catalog
00:58 +192: /Users/runner/work/flutter-app/flutter-app/test/catalog_integrity_test.dart: current AirMaks Krait S variants are manufacturer-backed, not generic placeholders
00:58 +193: /Users/runner/work/flutter-app/flutter-app/test/catalog_integrity_test.dart: Krait MKII X HP manufacturer metadata stays variant-specific
00:58 +194: /Users/runner/work/flutter-app/flutter-app/test/catalog_integrity_test.dart: Krait PRO catalog variants preserve manufacturer-backed 6.35 metadata
00:58 +195: /Users/runner/work/flutter-app/flutter-app/test/catalog_integrity_test.dart: Caiman 6.35 variants keep only manufacturer-unambiguous metadata
00:58 +196: /Users/runner/work/flutter-app/flutter-app/test/catalog_integrity_test.dart: AEA Challenger Pro 6.35 record preserves verified retailer provenance
00:58 +197: /Users/runner/work/flutter-app/flutter-app/test/catalog_integrity_test.dart: HATSAN 6.35 flagship PCP metadata matches manufacturer pages
00:58 +198: /Users/runner/work/flutter-app/flutter-app/test/catalog_integrity_test.dart: rejects duplicate ids and incomplete BC metadata
00:58 +199: /Users/runner/work/flutter-app/flutter-app/test/catalog_integrity_test.dart: expanded HATSAN 6.35 catalog keeps manufacturer-backed variant values
00:58 +200: /Users/runner/work/flutter-app/flutter-app/test/catalog_integrity_test.dart: Huğlu Spark 6.35 variants preserve manufacturer configuration pairing
00:58 +201: /Users/runner/work/flutter-app/flutter-app/test/catalog_integrity_test.dart: verified optic metadata keeps lens and physical objective diameter distinct
00:58 +202: /Users/runner/work/flutter-app/flutter-app/test/catalog_integrity_test.dart: scope integrity rejects impossible physical objective diameter
00:58 +203: /Users/runner/work/flutter-app/flutter-app/test/catalog_integrity_test.dart: JSB Exact King .25 family keeps manufacturer-backed weights without invented BC
00:58 +204: /Users/runner/work/flutter-app/flutter-app/test/catalog_integrity_test.dart: verified PCP ammunition preserves manufacturer provenance without invented BC
00:58 +205: /Users/runner/work/flutter-app/flutter-app/test/catalog_integrity_test.dart: FX 6.35 rifle expansion preserves only manufacturer-backed metadata
00:58 +206: /Users/runner/work/flutter-app/flutter-app/test/catalog_integrity_test.dart: FX current 6.35 family expansion keeps provenance and avoids guessed variant data
00:58 +207: /Users/runner/work/flutter-app/flutter-app/test/catalog_integrity_test.dart: ammunition integrity rejects half-specified provenance
00:58 +208: /Users/runner/work/flutter-app/flutter-app/test/catalog_integrity_test.dart: non-manual branded catalog records cannot silently lose provenance
00:58 +209: /Users/runner/work/flutter-app/flutter-app/test/catalog_integrity_test.dart: manual templates remain intentionally usable without fake provenance
00:58 +210: /Users/runner/work/flutter-app/flutter-app/test/catalog_integrity_test.dart: JSB 4.5 and 5.5 manufacturer records keep exact verified weights
00:58 +211: /Users/runner/work/flutter-app/flutter-app/test/catalog_integrity_test.dart: scope lower-bound provenance cannot exist without a published range
00:58 +212: /Users/runner/work/flutter-app/flutter-app/test/catalog_integrity_test.dart: scope lower-bound provenance is valid when the published ranges exist
00:58 +213: loading /Users/runner/work/flutter-app/flutter-app/test/settings_store_test.dart
00:59 +213: /Users/runner/work/flutter-app/flutter-app/test/settings_store_test.dart: metric setting defaults to true when no value is stored
00:59 +214: /Users/runner/work/flutter-app/flutter-app/test/settings_store_test.dart: metric setting persists explicit value
00:59 +215: /Users/runner/work/flutter-app/flutter-app/test/settings_store_test.dart: failed preference write is surfaced instead of accepted
00:59 +216: loading /Users/runner/work/flutter-app/flutter-app/test/tools_domain_test.dart
00:59 +216: /Users/runner/work/flutter-app/flutter-app/test/tools_domain_test.dart: CompassMath normalises and names directions
00:59 +217: /Users/runner/work/flutter-app/flutter-app/test/tools_domain_test.dart: CompassMath shortest delta wraps across north
00:59 +218: /Users/runner/work/flutter-app/flutter-app/test/tools_domain_test.dart: TiltMath flat phone is level
00:59 +219: /Users/runner/work/flutter-app/flutter-app/test/tools_domain_test.dart: TiltMath unusable gravity returns null
00:59 +220: /Users/runner/work/flutter-app/flutter-app/test/tools_domain_test.dart: TiltMath format uses 0,01 resolution and never -0.00
00:59 +221: /Users/runner/work/flutter-app/flutter-app/test/tools_domain_test.dart: TiltMath filter only smooths
00:59 +222: /Users/runner/work/flutter-app/flutter-app/test/tools_domain_test.dart: WeatherPolicy fresh / stale / expired by download age
00:59 +223: /Users/runner/work/flutter-app/flutter-app/test/tools_domain_test.dart: WeatherPolicy coordinates are rounded for any cache key
00:59 +224: /Users/runner/work/flutter-app/flutter-app/test/tools_domain_test.dart: ChronographStats mean, sample SD and ES
00:59 +225: /Users/runner/work/flutter-app/flutter-app/test/tools_domain_test.dart: ChronographStats single shot has no SD; empty is null
00:59 +226: /Users/runner/work/flutter-app/flutter-app/test/tools_domain_test.dart: ChronographStats invalid readings throw
00:59 +227: /Users/runner/work/flutter-app/flutter-app/test/tools_domain_test.dart: SightHeightGeometry scales from the objective outer diameter
00:59 +228: /Users/runner/work/flutter-app/flutter-app/test/tools_domain_test.dart: SightHeightGeometry a bore point inside the objective disc is rejected
00:59 +229: /Users/runner/work/flutter-app/flutter-app/test/tools_domain_test.dart: SightHeightGeometry implausible or degenerate marks give null
00:59 +230: /Users/runner/work/flutter-app/flutter-app/test/tools_domain_test.dart: ToolProfileUpdate (review fix) applies a valid value and keeps every other field
01:00 +231: /Users/runner/work/flutter-app/flutter-app/test/tools_domain_test.dart: ToolProfileUpdate (review fix) rejects values the profile decoder would refuse later
01:00 +232: /Users/runner/work/flutter-app/flutter-app/test/tools_domain_test.dart: ToolProfileUpdate (review fix) chronograph accepts nothing above the profile velocity limit
01:00 +233: /Users/runner/work/flutter-app/flutter-app/test/tools_domain_test.dart: SightHeightPhysical bore radius + top wall + front gap + objective OUTER radius
01:00 +234: /Users/runner/work/flutter-app/flutter-app/test/tools_domain_test.dart: SightHeightPhysical missing, zero, negative or non-finite input gives no result
01:00 +235: loading /Users/runner/work/flutter-app/flutter-app/test/profile_recovery_test.dart
01:00 +235: /Users/runner/work/flutter-app/flutter-app/test/profile_recovery_test.dart: both records corrupt: empty start preserves exact bytes first
PSTORE all() zone=900615288
PSTORE all() got prefs
PSTORE enqueue#1 zone=900615288 tailDone=true
PSTORE start#1
PSTORE fail#1 Bad state: Profile storage is corrupt and no valid backup is available
PSTORE enqueue#2 zone=900615288 tailDone=true
PSTORE start#2
PSTORE done#2
PSTORE all() zone=900615288
PSTORE all() got prefs
01:00 +236: /Users/runner/work/flutter-app/flutter-app/test/profile_recovery_test.dart: refuses to start empty while storage is readable
PSTORE enqueue#3 zone=490704679 tailDone=true
PSTORE start#3
PSTORE fail#3 Bad state: Nothing to recover: no profile record exists
PSTORE enqueue#4 zone=490704679 tailDone=true
PSTORE start#4
PSTORE fail#4 Bad state: Profile storage is readable; refusing to start empty
01:00 +237: /Users/runner/work/flutter-app/flutter-app/test/profile_recovery_test.dart: Profil screen: Kapat writes nothing; confirmed empty start keeps copies
PSTORE all() zone=661635914
PSTORE all() got prefs
PSTORE enqueue#5 zone=661635914 tailDone=true
PSTORE start#5
PSTORE fail#5 Bad state: Profile storage is corrupt and no valid backup is available
PSTORE enqueue#6 zone=360687337 tailDone=true
PSTORE start#6
PSTORE done#6
PSTORE all() zone=595622756
PSTORE all() got prefs
01:03 +238: /Users/runner/work/flutter-app/flutter-app/test/profile_recovery_test.dart: SAMEFILE HomeScreen error card (tabs hidden) still offers recovery
PSTORE all() zone=478130734
PSTORE all() got prefs
PSTORE enqueue#7 zone=478130734 tailDone=true
══╡ EXCEPTION CAUGHT BY FLUTTER TEST FRAMEWORK ╞════════════════════════════════════════════════════
The following TestFailure was thrown running a test:
Expected: exactly one matching candidate
  Actual: _TextWidgetFinder:<Found 0 widgets with text "Tekrar dene": []>
   Which: means none were found but one was expected

When the exception was thrown, this was the stack:
#4      main.<anonymous closure> (file:///Users/runner/work/flutter-app/flutter-app/test/profile_recovery_test.dart:157:7)
<asynchronous suspension>
#5      testWidgets.<anonymous closure>.<anonymous closure> (package:flutter_test/src/widget_tester.dart:192:15)
<asynchronous suspension>
#6      TestWidgetsFlutterBinding._runTestBody (package:flutter_test/src/binding.dart:1953:5)
<asynchronous suspension>
<asynchronous suspension>
(elided one frame from package:stack_trace)

This was caught by the test expectation on the following line:
  file:///Users/runner/work/flutter-app/flutter-app/test/profile_recovery_test.dart line 157
The test description was:
  SAMEFILE HomeScreen error card (tabs hidden) still offers recovery
════════════════════════════════════════════════════════════════════════════════════════════════════
01:03 +238 -1: /Users/runner/work/flutter-app/flutter-app/test/profile_recovery_test.dart: SAMEFILE HomeScreen error card (tabs hidden) still offers recovery [E]
  Test failed. See exception logs above.
  The test description was: SAMEFILE HomeScreen error card (tabs hidden) still offers recovery
  
01:03 +238 -1: loading /Users/runner/work/flutter-app/flutter-app/test/standard_drag_tables_test.dart
01:04 +238 -1: /Users/runner/work/flutter-app/flutter-app/test/standard_drag_tables_test.dart: G1 reference table preserves authoritative anchor values
01:04 +239 -1: /Users/runner/work/flutter-app/flutter-app/test/standard_drag_tables_test.dart: G7 reference table preserves authoritative anchor values
01:04 +240 -1: /Users/runner/work/flutter-app/flutter-app/test/standard_drag_tables_test.dart: transonic interpolation is deterministic
01:04 +241 -1: Some tests failed.

Failing tests:
  /Users/runner/work/flutter-app/flutter-app/test/profile_recovery_test.dart: SAMEFILE HomeScreen error card (tabs hidden) still offers recovery
